###############################################################################
#
# IAR ELF Linker V8.32.3.193/W32 for ARM                  26/Mar/2024  11:39:00
# Copyright 2007-2019 IAR Systems AB.
#
#    Output file  =  
#        C:\Users\SC Team\Desktop\00.Local
#        FW\01.MiniGimbal\Gimbal_mini\EWARM\Release\Exe\Gimbal_mini.out
#    Map file     =  
#        C:\Users\SC Team\Desktop\00.Local
#        FW\01.MiniGimbal\Gimbal_mini\EWARM\Release\List\Gimbal_mini.map
#    Command line =  
#        -f C:\Users\SCTEAM~1\AppData\Local\Temp\EW2EB7.tmp ("C:\Users\SC
#        Team\Desktop\00.Local
#        FW\01.MiniGimbal\Gimbal_mini\EWARM\Release\Obj\main.o" "C:\Users\SC
#        Team\Desktop\00.Local
#        FW\01.MiniGimbal\Gimbal_mini\EWARM\Release\Obj\startup_stm32f103xe.o"
#        "C:\Users\SC Team\Desktop\00.Local
#        FW\01.MiniGimbal\Gimbal_mini\EWARM\Release\Obj\stm32f1xx_hal.o"
#        "C:\Users\SC Team\Desktop\00.Local
#        FW\01.MiniGimbal\Gimbal_mini\EWARM\Release\Obj\stm32f1xx_hal_adc.o"
#        "C:\Users\SC Team\Desktop\00.Local
#        FW\01.MiniGimbal\Gimbal_mini\EWARM\Release\Obj\stm32f1xx_hal_adc_ex.o"
#        "C:\Users\SC Team\Desktop\00.Local
#        FW\01.MiniGimbal\Gimbal_mini\EWARM\Release\Obj\stm32f1xx_hal_cortex.o"
#        "C:\Users\SC Team\Desktop\00.Local
#        FW\01.MiniGimbal\Gimbal_mini\EWARM\Release\Obj\stm32f1xx_hal_dma.o"
#        "C:\Users\SC Team\Desktop\00.Local
#        FW\01.MiniGimbal\Gimbal_mini\EWARM\Release\Obj\stm32f1xx_hal_exti.o"
#        "C:\Users\SC Team\Desktop\00.Local
#        FW\01.MiniGimbal\Gimbal_mini\EWARM\Release\Obj\stm32f1xx_hal_flash.o"
#        "C:\Users\SC Team\Desktop\00.Local
#        FW\01.MiniGimbal\Gimbal_mini\EWARM\Release\Obj\stm32f1xx_hal_flash_ex.o"
#        "C:\Users\SC Team\Desktop\00.Local
#        FW\01.MiniGimbal\Gimbal_mini\EWARM\Release\Obj\stm32f1xx_hal_gpio.o"
#        "C:\Users\SC Team\Desktop\00.Local
#        FW\01.MiniGimbal\Gimbal_mini\EWARM\Release\Obj\stm32f1xx_hal_gpio_ex.o"
#        "C:\Users\SC Team\Desktop\00.Local
#        FW\01.MiniGimbal\Gimbal_mini\EWARM\Release\Obj\stm32f1xx_hal_i2c.o"
#        "C:\Users\SC Team\Desktop\00.Local
#        FW\01.MiniGimbal\Gimbal_mini\EWARM\Release\Obj\stm32f1xx_hal_msp.o"
#        "C:\Users\SC Team\Desktop\00.Local
#        FW\01.MiniGimbal\Gimbal_mini\EWARM\Release\Obj\stm32f1xx_hal_pwr.o"
#        "C:\Users\SC Team\Desktop\00.Local
#        FW\01.MiniGimbal\Gimbal_mini\EWARM\Release\Obj\stm32f1xx_hal_rcc.o"
#        "C:\Users\SC Team\Desktop\00.Local
#        FW\01.MiniGimbal\Gimbal_mini\EWARM\Release\Obj\stm32f1xx_hal_rcc_ex.o"
#        "C:\Users\SC Team\Desktop\00.Local
#        FW\01.MiniGimbal\Gimbal_mini\EWARM\Release\Obj\stm32f1xx_hal_tim.o"
#        "C:\Users\SC Team\Desktop\00.Local
#        FW\01.MiniGimbal\Gimbal_mini\EWARM\Release\Obj\stm32f1xx_hal_tim_ex.o"
#        "C:\Users\SC Team\Desktop\00.Local
#        FW\01.MiniGimbal\Gimbal_mini\EWARM\Release\Obj\stm32f1xx_hal_timebase_tim.o"
#        "C:\Users\SC Team\Desktop\00.Local
#        FW\01.MiniGimbal\Gimbal_mini\EWARM\Release\Obj\stm32f1xx_hal_uart.o"
#        "C:\Users\SC Team\Desktop\00.Local
#        FW\01.MiniGimbal\Gimbal_mini\EWARM\Release\Obj\stm32f1xx_it.o"
#        "C:\Users\SC Team\Desktop\00.Local
#        FW\01.MiniGimbal\Gimbal_mini\EWARM\Release\Obj\system_stm32f1xx.o"
#        --no_out_extension -o "C:\Users\SC Team\Desktop\00.Local
#        FW\01.MiniGimbal\Gimbal_mini\EWARM\Release\Exe\Gimbal_mini.out"
#        --redirect _Printf=_PrintfFullNoMb --redirect _Scanf=_ScanfFullNoMb
#        --map "C:\Users\SC Team\Desktop\00.Local
#        FW\01.MiniGimbal\Gimbal_mini\EWARM\Release\List\Gimbal_mini.map"
#        --config "C:\Users\SC Team\Desktop\00.Local
#        FW\01.MiniGimbal\Gimbal_mini\EWARM/stm32f103xe_flash.icf"
#        --semihosting --entry __iar_program_start --redirect
#        __write=__write_buffered --redirect
#        __iar_sh_stdout=__iar_sh_stdout_swo --vfe --text_out locale)
#
###############################################################################

*******************************************************************************
*** MESSAGES
***

Error[Li005]: no definition for "check_byte_cmd" [referenced from C:\Users\SC
          Team\Desktop\00.Local
          FW\01.MiniGimbal\Gimbal_mini\EWARM\Release\Obj\main.o]


*******************************************************************************
*** RUNTIME MODEL ATTRIBUTES
***

CppFlavor       = *
__SystemLibrary = DLib
__dlib_version  = 6


*******************************************************************************
*** HEAP SELECTION
***

The basic heap was selected because no calls to memory allocation
functions were found in the application outside of system library
functions, and there are calls to deallocation functions in the
application.


*******************************************************************************
*** PLACEMENT SUMMARY
***

"A0":  place at 0x800'0000 { ro section .intvec };
"P1":  place in [from 0x800'0000 to 0x807'ffff] { ro };
define block CSTACK with size = 1K, alignment = 8 { };
define block HEAP with size = 512, alignment = 8 { };
"P2":  place in [from 0x2000'0000 to 0x2000'ffff] {
          rw, block CSTACK, block HEAP };
initialize by copy { rw };

  Section            Kind         Address    Size  Object
  -------            ----         -------    ----  ------
"A0":                                       0x130
  .intvec            ro code   0x800'0000   0x130  startup_stm32f103xe.o [1]
                             - 0x800'0130   0x130

"P1":                                      0x1f08
  .text              ro code   0x800'0130   0x554  stm32f1xx_hal_uart.o [1]
  .text              ro code   0x800'0684   0x304  stm32f1xx_hal_msp.o [1]
  .text              ro code   0x800'0988   0x15c  stm32f1xx_hal_dma.o [1]
  .text              ro code   0x800'0ae4     0x2  stm32f1xx_hal_uart.o [1]
  .text              ro code   0x800'0ae6     0x2  stm32f1xx_hal_uart.o [1]
  .text              ro code   0x800'0ae8     0x2  stm32f1xx_hal_uart.o [1]
  .text              ro code   0x800'0aea    0x3a  zero_init3.o [3]
  .text              ro code   0x800'0b24   0x2f2  main.o [1]
  .text              ro code   0x800'0e18   0x50a  stm32f1xx_hal_rcc.o [1]
  .text              ro code   0x800'1324   0x1d8  stm32f1xx_hal_gpio.o [1]
  .text              ro code   0x800'14fc     0x6  ABImemclr4.o [3]
  .text              ro code   0x800'1504    0x98  stm32f1xx_hal_cortex.o [1]
  .text              ro code   0x800'159c    0x24  stm32f1xx_hal.o [1]
  .text              ro code   0x800'15c0   0x278  stm32f1xx_hal_adc.o [1]
  .text              ro code   0x800'1838   0x150  stm32f1xx_hal_i2c.o [1]
  .text              ro code   0x800'1988    0xe8  stm32f1xx_hal_rcc_ex.o [1]
  .text              ro code   0x800'1a70    0x10  stm32f1xx_hal.o [1]
  .text              ro code   0x800'1a80     0xc  stm32f1xx_hal.o [1]
  .text              ro code   0x800'1a8c    0x98  stm32f1xx_hal_timebase_tim.o [1]
  .text              ro code   0x800'1b24    0x32  ABImemset48.o [3]
  .text              ro code   0x800'1b58   0x2a2  stm32f1xx_hal_tim.o [1]
  .text              ro code   0x800'1dfa     0x2  stm32f1xx_hal_tim.o [1]
  .text              ro code   0x800'1dfc     0x2  stm32f1xx_hal_tim.o [1]
  .text              ro code   0x800'1dfe     0x2  stm32f1xx_hal_tim_ex.o [1]
  .text              ro code   0x800'1e00     0x2  stm32f1xx_hal_tim.o [1]
  .text              ro code   0x800'1e02     0x2  stm32f1xx_hal_tim_ex.o [1]
  .text              ro code   0x800'1e04     0x2  stm32f1xx_hal_tim.o [1]
  .text              ro code   0x800'1e08    0x50  stm32f1xx_it.o [1]
  .text              ro code   0x800'1e58    0x2c  copy_init3.o [3]
  .text              ro code   0x800'1e84    0x28  data_init.o [3]
  .iar.init_table    const     0x800'1eac    0x24  - Linker created -
  .text              ro code   0x800'1ed0    0x1e  cmain.o [3]
  .text              ro code   0x800'1eee     0x4  low_level_init.o [2]
  .text              ro code   0x800'1ef2     0x4  exit.o [2]
  .text              ro code   0x800'1ef8     0xa  cexit.o [3]
  .text              ro code   0x800'1f04    0x14  exit.o [4]
  .text              ro code   0x800'1f18    0x14  system_stm32f1xx.o [1]
  .text              ro code   0x800'1f2c    0x10  startup_stm32f103xe.o [1]
  Initializer bytes  const     0x800'1f3c    0x10  <for P2-1> (used: 0x0)
  .text              ro code   0x800'1f4c     0xc  cstartup_M.o [3]
  .rodata            const     0x800'1f58     0x8  system_stm32f1xx.o [1]
  .text              ro code   0x800'1f60     0x4  startup_stm32f103xe.o [1]
  .text              ro code   0x800'1f64     0x4  startup_stm32f103xe.o [1]
  .text              ro code   0x800'1f68     0x4  startup_stm32f103xe.o [1]
  .text              ro code   0x800'1f6c     0x4  startup_stm32f103xe.o [1]
  .text              ro code   0x800'1f70     0x4  startup_stm32f103xe.o [1]
  .text              ro code   0x800'1f74     0x4  startup_stm32f103xe.o [1]
  .text              ro code   0x800'1f78     0x4  startup_stm32f103xe.o [1]
  .text              ro code   0x800'1f7c     0x4  startup_stm32f103xe.o [1]
  .text              ro code   0x800'1f80     0x4  startup_stm32f103xe.o [1]
  .text              ro code   0x800'1f84     0x4  startup_stm32f103xe.o [1]
  .text              ro code   0x800'1f88     0x4  startup_stm32f103xe.o [1]
  .text              ro code   0x800'1f8c     0x4  startup_stm32f103xe.o [1]
  .text              ro code   0x800'1f90     0x4  startup_stm32f103xe.o [1]
  .text              ro code   0x800'1f94     0x4  startup_stm32f103xe.o [1]
  .text              ro code   0x800'1f98     0x4  startup_stm32f103xe.o [1]
  .text              ro code   0x800'1f9c     0x4  startup_stm32f103xe.o [1]
  .text              ro code   0x800'1fa0     0x4  startup_stm32f103xe.o [1]
  .text              ro code   0x800'1fa4     0x4  startup_stm32f103xe.o [1]
  .text              ro code   0x800'1fa8     0x4  startup_stm32f103xe.o [1]
  .text              ro code   0x800'1fac     0x4  startup_stm32f103xe.o [1]
  .text              ro code   0x800'1fb0     0x4  startup_stm32f103xe.o [1]
  .text              ro code   0x800'1fb4     0x4  startup_stm32f103xe.o [1]
  .text              ro code   0x800'1fb8     0x4  startup_stm32f103xe.o [1]
  .text              ro code   0x800'1fbc     0x4  startup_stm32f103xe.o [1]
  .text              ro code   0x800'1fc0     0x4  startup_stm32f103xe.o [1]
  .text              ro code   0x800'1fc4     0x4  startup_stm32f103xe.o [1]
  .text              ro code   0x800'1fc8     0x4  startup_stm32f103xe.o [1]
  .text              ro code   0x800'1fcc     0x4  startup_stm32f103xe.o [1]
  .text              ro code   0x800'1fd0     0x4  startup_stm32f103xe.o [1]
  .text              ro code   0x800'1fd4     0x4  startup_stm32f103xe.o [1]
  .text              ro code   0x800'1fd8     0x4  startup_stm32f103xe.o [1]
  .text              ro code   0x800'1fdc     0x4  startup_stm32f103xe.o [1]
  .text              ro code   0x800'1fe0     0x4  startup_stm32f103xe.o [1]
  .text              ro code   0x800'1fe4     0x4  startup_stm32f103xe.o [1]
  .text              ro code   0x800'1fe8     0x4  startup_stm32f103xe.o [1]
  .text              ro code   0x800'1fec     0x4  startup_stm32f103xe.o [1]
  .text              ro code   0x800'1ff0     0x4  startup_stm32f103xe.o [1]
  .text              ro code   0x800'1ff4     0x4  startup_stm32f103xe.o [1]
  .text              ro code   0x800'1ff8     0x4  startup_stm32f103xe.o [1]
  .text              ro code   0x800'1ffc     0x4  startup_stm32f103xe.o [1]
  .text              ro code   0x800'2000     0x4  startup_stm32f103xe.o [1]
  .text              ro code   0x800'2004     0x4  startup_stm32f103xe.o [1]
  .text              ro code   0x800'2008     0x4  startup_stm32f103xe.o [1]
  .text              ro code   0x800'200c     0x4  startup_stm32f103xe.o [1]
  .text              ro code   0x800'2010     0x4  startup_stm32f103xe.o [1]
  .text              ro code   0x800'2014     0x4  startup_stm32f103xe.o [1]
  .text              ro code   0x800'2018     0x4  startup_stm32f103xe.o [1]
  .text              ro code   0x800'201c     0x4  startup_stm32f103xe.o [1]
  .text              ro code   0x800'2020     0x4  startup_stm32f103xe.o [1]
  .text              ro code   0x800'2024     0x4  startup_stm32f103xe.o [1]
  .text              ro code   0x800'2028     0x4  startup_stm32f103xe.o [1]
  .text              ro code   0x800'202c     0x4  startup_stm32f103xe.o [1]
  .text              ro code   0x800'2030     0x4  startup_stm32f103xe.o [1]
  .text              ro code   0x800'2034     0x4  startup_stm32f103xe.o [1]
  .rodata            const     0x800'2038     0x0  zero_init3.o [3]
  .rodata            const     0x800'2038     0x0  copy_init3.o [3]
                             - 0x800'2038  0x1f08

"P2", part 1 of 3:                           0x10
  P2-1                        0x2000'0000    0x10  <Init block>
    .data            inited   0x2000'0000     0xc  stm32f1xx_hal.o [1]
    .data            inited   0x2000'000c     0x4  system_stm32f1xx.o [1]
                            - 0x2000'0010    0x10

"P2", part 2 of 3:                          0x244
  .bss               zero     0x2000'0010   0x16c  main.o [1]
  .bss               zero     0x2000'017c    0x48  main.o [1]
  .bss               zero     0x2000'01c4    0x48  main.o [1]
  .bss               zero     0x2000'020c    0x48  stm32f1xx_hal_timebase_tim.o [1]
                            - 0x2000'0254   0x244

"P2", part 3 of 3:                          0x400
  CSTACK                      0x2000'0258   0x400  <Block>
    CSTACK           uninit   0x2000'0258   0x400  <Block tail>
                            - 0x2000'0658   0x400

Unused ranges:

         From           To      Size
         ----           --      ----
   0x800'2038   0x807'ffff  0x7'dfc8
  0x2000'0254  0x2000'0257       0x4
  0x2000'0658  0x2000'ffff    0xf9a8


*******************************************************************************
*** INIT TABLE
***

          Address      Size
          -------      ----
Zero (__iar_zero_init3)
    1 destination range, total size 0x244:
          0x2000'0010  0x244

Copy (__iar_copy_init3)
    1 source range, total size 0x10:
           0x800'1f3c   0x10
    1 destination range, total size 0x10:
          0x2000'0000   0x10



*******************************************************************************
*** MODULE SUMMARY
***

    Module                        ro code  ro data  rw data
    ------                        -------  -------  -------
command line/config:
    -------------------------------------------------------
    Total:

C:\Users\SC Team\Desktop\00.Local FW\01.MiniGimbal\Gimbal_mini\EWARM\Release\Obj: [1]
    main.o                            754               508
    startup_stm32f103xe.o             536
    stm32f1xx_hal.o                    64       12       12
    stm32f1xx_hal_adc.o               632
    stm32f1xx_hal_cortex.o            152
    stm32f1xx_hal_dma.o               348
    stm32f1xx_hal_gpio.o              472
    stm32f1xx_hal_i2c.o               336
    stm32f1xx_hal_msp.o               772
    stm32f1xx_hal_rcc.o             1 290
    stm32f1xx_hal_rcc_ex.o            232
    stm32f1xx_hal_tim.o               682
    stm32f1xx_hal_tim_ex.o              4
    stm32f1xx_hal_timebase_tim.o      152                72
    stm32f1xx_hal_uart.o            1 370
    stm32f1xx_it.o                     80
    system_stm32f1xx.o                 20       12        4
    -------------------------------------------------------
    Total:                          7 896       24      596

dl7M_tlf.a: [2]
    exit.o                              4
    low_level_init.o                    4
    -------------------------------------------------------
    Total:                              8

rt7M_tl.a: [3]
    ABImemclr4.o                        6
    ABImemset48.o                      50
    cexit.o                            10
    cmain.o                            30
    copy_init3.o                       44
    cstartup_M.o                       12
    data_init.o                        40
    zero_init3.o                       58
    -------------------------------------------------------
    Total:                            250

shb_l.a: [4]
    exit.o                             20
    -------------------------------------------------------
    Total:                             20

    Gaps                               14
    Linker created                              36    1 024
-----------------------------------------------------------
    Grand Total:                    8 188       60    1 620


*******************************************************************************
*** ENTRY LIST
***

Entry                       Address   Size  Type      Object
-----                       -------   ----  ----      ------
.iar.init_table$$Base    0x800'1eac          --   Gb  - Linker created -
.iar.init_table$$Limit   0x800'1ed0          --   Gb  - Linker created -
?main                    0x800'1ed1         Code  Gb  cmain.o [3]
ADC_ConversionStop_Disable
                         0x800'17e9   0x48  Code  Gb  stm32f1xx_hal_adc.o [1]
AHBPrescTable            0x800'1f1c   0x10  Data  Gb  system_stm32f1xx.o [1]
APBPrescTable            0x800'1f58    0x8  Data  Gb  system_stm32f1xx.o [1]
BusFault_Handler         0x800'1e0f    0x2  Code  Gb  stm32f1xx_it.o [1]
CSTACK$$Base            0x2000'0258          --   Gb  - Linker created -
CSTACK$$Limit           0x2000'0658          --   Gb  - Linker created -
DebugMon_Handler         0x800'1e15    0x2  Code  Gb  stm32f1xx_it.o [1]
Error_Handler            0x800'0e13    0x4  Code  Gb  main.o [1]
HAL_ADC_ConfigChannel    0x800'16d1   0xe4  Code  Gb  stm32f1xx_hal_adc.o [1]
HAL_ADC_Init             0x800'15c1  0x110  Code  Gb  stm32f1xx_hal_adc.o [1]
HAL_ADC_MspInit          0x800'06c3   0x48  Code  Gb  stm32f1xx_hal_msp.o [1]
HAL_DMA_Abort            0x800'0989   0x4a  Code  Gb  stm32f1xx_hal_dma.o [1]
HAL_DMA_Abort_IT         0x800'09d3   0xdc  Code  Gb  stm32f1xx_hal_dma.o [1]
HAL_GPIO_Init            0x800'1325  0x194  Code  Gb  stm32f1xx_hal_gpio.o [1]
HAL_GPIO_WritePin        0x800'14b9    0x8  Code  Gb  stm32f1xx_hal_gpio.o [1]
HAL_GetTick              0x800'1a81    0xc  Code  Wk  stm32f1xx_hal.o [1]
HAL_I2C_Init             0x800'1839  0x12c  Code  Gb  stm32f1xx_hal_i2c.o [1]
HAL_I2C_MspInit          0x800'070b   0x4e  Code  Gb  stm32f1xx_hal_msp.o [1]
HAL_IncTick              0x800'1a71   0x10  Code  Wk  stm32f1xx_hal.o [1]
HAL_Init                 0x800'159d   0x20  Code  Gb  stm32f1xx_hal.o [1]
HAL_InitTick             0x800'1a8d   0x88  Code  Gb  stm32f1xx_hal_timebase_tim.o [1]
HAL_MspInit              0x800'0685   0x3e  Code  Gb  stm32f1xx_hal_msp.o [1]
HAL_NVIC_EnableIRQ       0x800'1573   0x16  Code  Gb  stm32f1xx_hal_cortex.o [1]
HAL_NVIC_SetPriority     0x800'1539   0x3a  Code  Gb  stm32f1xx_hal_cortex.o [1]
HAL_NVIC_SetPriorityGrouping
                         0x800'151f   0x1a  Code  Gb  stm32f1xx_hal_cortex.o [1]
HAL_RCCEx_PeriphCLKConfig
                         0x800'1989   0xda  Code  Gb  stm32f1xx_hal_rcc_ex.o [1]
HAL_RCC_ClockConfig      0x800'1139   0xf4  Code  Gb  stm32f1xx_hal_rcc.o [1]
HAL_RCC_GetClockConfig   0x800'12a7   0x36  Code  Gb  stm32f1xx_hal_rcc.o [1]
HAL_RCC_GetPCLK1Freq     0x800'1283   0x10  Code  Gb  stm32f1xx_hal_rcc.o [1]
HAL_RCC_GetPCLK2Freq     0x800'1293    0xe  Code  Gb  stm32f1xx_hal_rcc.o [1]
HAL_RCC_GetSysClockFreq
                         0x800'1241   0x42  Code  Gb  stm32f1xx_hal_rcc.o [1]
HAL_RCC_GetSysClockFreq::aPLLMULFactorTable
                         0x800'1310   0x10  Data  Lc  stm32f1xx_hal_rcc.o [1]
HAL_RCC_GetSysClockFreq::aPredivFactorTable
                         0x800'1320    0x2  Data  Lc  stm32f1xx_hal_rcc.o [1]
HAL_RCC_OscConfig        0x800'0e19  0x318  Code  Gb  stm32f1xx_hal_rcc.o [1]
HAL_TIMEx_BreakCallback
                         0x800'1dff    0x2  Code  Wk  stm32f1xx_hal_tim_ex.o [1]
HAL_TIMEx_CommutCallback
                         0x800'1e03    0x2  Code  Wk  stm32f1xx_hal_tim_ex.o [1]
HAL_TIM_Base_Init        0x800'1b59   0x1a  Code  Gb  stm32f1xx_hal_tim.o [1]
HAL_TIM_Base_Start_IT    0x800'1b73   0x6c  Code  Gb  stm32f1xx_hal_tim.o [1]
HAL_TIM_IRQHandler       0x800'1c21  0x142  Code  Gb  stm32f1xx_hal_tim.o [1]
HAL_TIM_PeriodElapsedCallback
                         0x800'0e05    0xe  Code  Gb  main.o [1]
HAL_UART_IRQHandler      0x800'020d  0x25e  Code  Gb  stm32f1xx_hal_uart.o [1]
HAL_UART_Init            0x800'0131   0x1e  Code  Gb  stm32f1xx_hal_uart.o [1]
HAL_UART_MspInit         0x800'0763  0x1a6  Code  Gb  stm32f1xx_hal_msp.o [1]
HAL_UART_Receive_IT      0x800'01ab   0x26  Code  Gb  stm32f1xx_hal_uart.o [1]
HAL_UART_RxCpltCallback
                         0x800'0da7   0x22  Code  Gb  main.o [1]
HardFault_Handler        0x800'1e0b    0x2  Code  Gb  stm32f1xx_it.o [1]
MemManage_Handler        0x800'1e0d    0x2  Code  Gb  stm32f1xx_it.o [1]
NMI_Handler              0x800'1e09    0x2  Code  Gb  stm32f1xx_it.o [1]
PendSV_Handler           0x800'1e17    0x2  Code  Gb  stm32f1xx_it.o [1]
Region$$Table$$Base      0x800'1eac          --   Gb  - Linker created -
Region$$Table$$Limit     0x800'1ed0          --   Gb  - Linker created -
SVC_Handler              0x800'1e13    0x2  Code  Gb  stm32f1xx_it.o [1]
SysTick_Handler          0x800'1e19    0x2  Code  Gb  stm32f1xx_it.o [1]
SystemClock_Config       0x800'0d25   0x82  Code  Gb  main.o [1]
SystemCoreClock         0x2000'000c    0x4  Data  Gb  system_stm32f1xx.o [1]
SystemInit               0x800'1f19    0x2  Code  Gb  system_stm32f1xx.o [1]
TIM2_IRQHandler          0x800'1e1b    0x6  Code  Gb  stm32f1xx_it.o [1]
TIM_Base_SetConfig       0x800'1d71   0x74  Code  Gb  stm32f1xx_hal_tim.o [1]
UART4_IRQHandler         0x800'1e33    0x6  Code  Gb  stm32f1xx_it.o [1]
UART5_IRQHandler         0x800'1e39    0x6  Code  Gb  stm32f1xx_it.o [1]
UART_DMAAbortOnError     0x800'0541    0xc  Code  Lc  stm32f1xx_hal_uart.o [1]
UART_EndRxTransfer       0x800'04df   0x60  Code  Lc  stm32f1xx_hal_uart.o [1]
UART_Receive_IT          0x800'054d   0xb8  Code  Lc  stm32f1xx_hal_uart.o [1]
UART_SetConfig           0x800'0605   0x74  Code  Lc  stm32f1xx_hal_uart.o [1]
UART_Start_Receive_IT    0x800'04a9   0x30  Code  Gb  stm32f1xx_hal_uart.o [1]
USART1_IRQHandler        0x800'1e21    0x6  Code  Gb  stm32f1xx_it.o [1]
USART2_IRQHandler        0x800'1e27    0x6  Code  Gb  stm32f1xx_it.o [1]
USART3_IRQHandler        0x800'1e2d    0x6  Code  Gb  stm32f1xx_it.o [1]
UsageFault_Handler       0x800'1e11    0x2  Code  Gb  stm32f1xx_it.o [1]
__NVIC_SetPriority       0x800'1505   0x1a  Code  Lc  stm32f1xx_hal_cortex.o [1]
__aeabi_memclr4          0x800'14fd         Code  Gb  ABImemclr4.o [3]
__cmain                  0x800'1ed1         Code  Gb  cmain.o [3]
__exit                   0x800'1f05   0x14  Code  Gb  exit.o [4]
__iar_Memset4_word       0x800'1b25         Code  Gb  ABImemset48.o [3]
__iar_Memset8_word       0x800'1b25         Code  Gb  ABImemset48.o [3]
__iar_copy_init3         0x800'1e59   0x2c  Code  Gb  copy_init3.o [3]
__iar_data_init3         0x800'1e85   0x28  Code  Gb  data_init.o [3]
__iar_program_start      0x800'1f4d         Code  Gb  cstartup_M.o [3]
__iar_zero_init3         0x800'0aeb   0x3a  Code  Gb  zero_init3.o [3]
__low_level_init         0x800'1eef    0x4  Code  Gb  low_level_init.o [2]
__vector_table           0x800'0000         Data  Gb  startup_stm32f103xe.o [1]
_call_main               0x800'1edd         Code  Gb  cmain.o [3]
_exit                    0x800'1ef9         Code  Gb  cexit.o [3]
_main                    0x800'1eeb         Code  Gb  cmain.o [3]
exit                     0x800'1ef3    0x4  Code  Gb  exit.o [2]
hadc1                   0x2000'0010   0x30  Data  Gb  main.o [1]
hi2c1                   0x2000'0040   0x54  Data  Gb  main.o [1]
htim2                   0x2000'020c   0x48  Data  Gb  stm32f1xx_hal_timebase_tim.o [1]
huart1                  0x2000'00dc   0x48  Data  Gb  main.o [1]
huart2                  0x2000'01c4   0x48  Data  Gb  main.o [1]
huart3                  0x2000'0124   0x48  Data  Gb  main.o [1]
huart4                  0x2000'017c   0x48  Data  Gb  main.o [1]
huart5                  0x2000'0094   0x48  Data  Gb  main.o [1]
main                     0x800'0b25  0x1d4  Code  Gb  main.o [1]
uart2_rx_buffer         0x2000'0170    0xc  Data  Gb  main.o [1]
uart2_rx_index          0x2000'016c    0x4  Data  Gb  main.o [1]
uwTick                  0x2000'0004    0x4  Data  Gb  stm32f1xx_hal.o [1]
uwTickFreq              0x2000'0000    0x1  Data  Gb  stm32f1xx_hal.o [1]
uwTickPrio              0x2000'0008    0x4  Data  Gb  stm32f1xx_hal.o [1]


[1] = C:\Users\SC Team\Desktop\00.Local FW\01.MiniGimbal\Gimbal_mini\EWARM\Release\Obj
[2] = dl7M_tlf.a
[3] = rt7M_tl.a
[4] = shb_l.a

  8 188 bytes of readonly  code memory
     60 bytes of readonly  data memory
  1 620 bytes of readwrite data memory

Errors: 1
Warnings: none
