###############################################################################
#
# IAR ELF Linker V8.32.3.193/W32 for ARM                  27/Feb/2024  11:58:34
# Copyright 2007-2019 IAR Systems AB.
#
#    Output file  =  
#        C:\Users\SC Team\Desktop\00.Local
#        FW\01.MiniGimbal\Gimbal_mini\EWARM\Gimbal_mini\Exe\Gimbal_mini.out
#    Map file     =  
#        C:\Users\SC Team\Desktop\00.Local
#        FW\01.MiniGimbal\Gimbal_mini\EWARM\Gimbal_mini\List\Gimbal_mini.map
#    Command line =  
#        -f C:\Users\SCTEAM~1\AppData\Local\Temp\EW8032.tmp ("C:\Users\SC
#        Team\Desktop\00.Local
#        FW\01.MiniGimbal\Gimbal_mini\EWARM\Gimbal_mini\Obj\main.o"
#        "C:\Users\SC Team\Desktop\00.Local
#        FW\01.MiniGimbal\Gimbal_mini\EWARM\Gimbal_mini\Obj\startup_stm32f103xe.o"
#        "C:\Users\SC Team\Desktop\00.Local
#        FW\01.MiniGimbal\Gimbal_mini\EWARM\Gimbal_mini\Obj\stm32f1xx_hal.o"
#        "C:\Users\SC Team\Desktop\00.Local
#        FW\01.MiniGimbal\Gimbal_mini\EWARM\Gimbal_mini\Obj\stm32f1xx_hal_adc.o"
#        "C:\Users\SC Team\Desktop\00.Local
#        FW\01.MiniGimbal\Gimbal_mini\EWARM\Gimbal_mini\Obj\stm32f1xx_hal_adc_ex.o"
#        "C:\Users\SC Team\Desktop\00.Local
#        FW\01.MiniGimbal\Gimbal_mini\EWARM\Gimbal_mini\Obj\stm32f1xx_hal_cortex.o"
#        "C:\Users\SC Team\Desktop\00.Local
#        FW\01.MiniGimbal\Gimbal_mini\EWARM\Gimbal_mini\Obj\stm32f1xx_hal_dma.o"
#        "C:\Users\SC Team\Desktop\00.Local
#        FW\01.MiniGimbal\Gimbal_mini\EWARM\Gimbal_mini\Obj\stm32f1xx_hal_exti.o"
#        "C:\Users\SC Team\Desktop\00.Local
#        FW\01.MiniGimbal\Gimbal_mini\EWARM\Gimbal_mini\Obj\stm32f1xx_hal_flash.o"
#        "C:\Users\SC Team\Desktop\00.Local
#        FW\01.MiniGimbal\Gimbal_mini\EWARM\Gimbal_mini\Obj\stm32f1xx_hal_flash_ex.o"
#        "C:\Users\SC Team\Desktop\00.Local
#        FW\01.MiniGimbal\Gimbal_mini\EWARM\Gimbal_mini\Obj\stm32f1xx_hal_gpio.o"
#        "C:\Users\SC Team\Desktop\00.Local
#        FW\01.MiniGimbal\Gimbal_mini\EWARM\Gimbal_mini\Obj\stm32f1xx_hal_gpio_ex.o"
#        "C:\Users\SC Team\Desktop\00.Local
#        FW\01.MiniGimbal\Gimbal_mini\EWARM\Gimbal_mini\Obj\stm32f1xx_hal_i2c.o"
#        "C:\Users\SC Team\Desktop\00.Local
#        FW\01.MiniGimbal\Gimbal_mini\EWARM\Gimbal_mini\Obj\stm32f1xx_hal_msp.o"
#        "C:\Users\SC Team\Desktop\00.Local
#        FW\01.MiniGimbal\Gimbal_mini\EWARM\Gimbal_mini\Obj\stm32f1xx_hal_pwr.o"
#        "C:\Users\SC Team\Desktop\00.Local
#        FW\01.MiniGimbal\Gimbal_mini\EWARM\Gimbal_mini\Obj\stm32f1xx_hal_rcc.o"
#        "C:\Users\SC Team\Desktop\00.Local
#        FW\01.MiniGimbal\Gimbal_mini\EWARM\Gimbal_mini\Obj\stm32f1xx_hal_rcc_ex.o"
#        "C:\Users\SC Team\Desktop\00.Local
#        FW\01.MiniGimbal\Gimbal_mini\EWARM\Gimbal_mini\Obj\stm32f1xx_hal_tim.o"
#        "C:\Users\SC Team\Desktop\00.Local
#        FW\01.MiniGimbal\Gimbal_mini\EWARM\Gimbal_mini\Obj\stm32f1xx_hal_tim_ex.o"
#        "C:\Users\SC Team\Desktop\00.Local
#        FW\01.MiniGimbal\Gimbal_mini\EWARM\Gimbal_mini\Obj\stm32f1xx_hal_timebase_tim.o"
#        "C:\Users\SC Team\Desktop\00.Local
#        FW\01.MiniGimbal\Gimbal_mini\EWARM\Gimbal_mini\Obj\stm32f1xx_hal_uart.o"
#        "C:\Users\SC Team\Desktop\00.Local
#        FW\01.MiniGimbal\Gimbal_mini\EWARM\Gimbal_mini\Obj\stm32f1xx_it.o"
#        "C:\Users\SC Team\Desktop\00.Local
#        FW\01.MiniGimbal\Gimbal_mini\EWARM\Gimbal_mini\Obj\system_stm32f1xx.o"
#        --no_out_extension -o "C:\Users\SC Team\Desktop\00.Local
#        FW\01.MiniGimbal\Gimbal_mini\EWARM\Gimbal_mini\Exe\Gimbal_mini.out"
#        --redirect _Printf=_PrintfFullNoMb --redirect _Scanf=_ScanfFullNoMb
#        --map "C:\Users\SC Team\Desktop\00.Local
#        FW\01.MiniGimbal\Gimbal_mini\EWARM\Gimbal_mini\List\Gimbal_mini.map"
#        --config "C:\Users\SC Team\Desktop\00.Local
#        FW\01.MiniGimbal\Gimbal_mini\EWARM/stm32f103xe_flash.icf"
#        --semihosting --entry __iar_program_start --redirect
#        __write=__write_buffered --redirect
#        __iar_sh_stdout=__iar_sh_stdout_swo --vfe --text_out locale)
#
###############################################################################

*******************************************************************************
*** RUNTIME MODEL ATTRIBUTES
***

CppFlavor       = *
__SystemLibrary = DLib
__dlib_version  = 6


*******************************************************************************
*** HEAP SELECTION
***

The basic heap was selected because no calls to memory allocation
functions were found in the application outside of system library
functions, and there are calls to deallocation functions in the
application.


*******************************************************************************
*** PLACEMENT SUMMARY
***

"A0":  place at 0x800'0000 { ro section .intvec };
"P1":  place in [from 0x800'0000 to 0x807'ffff] { ro };
define block CSTACK with size = 1K, alignment = 8 { };
define block HEAP with size = 512, alignment = 8 { };
"P2":  place in [from 0x2000'0000 to 0x2000'ffff] {
          rw, block CSTACK, block HEAP };
initialize by copy { rw };

  Section            Kind         Address    Size  Object
  -------            ----         -------    ----  ------
"A0":                                       0x130
  .intvec            ro code   0x800'0000   0x130  startup_stm32f103xe.o [1]
                             - 0x800'0130   0x130

"P1":                                      0x3c20
  .text              ro code   0x800'0130   0xdf2  xprintffull_nomb.o [2]
  .text              ro code   0x800'0f22    0x3a  zero_init3.o [4]
  .text              ro code   0x800'0f5c    0x16  strchr.o [4]
  .text              ro code   0x800'0f74    0x40  xfail_s.o [2]
  .text              ro code   0x800'0fb4    0x36  strlen.o [4]
  .text              ro code   0x800'0fec    0x58  memchr.o [4]
  .text              ro code   0x800'1044   0x230  I64DivMod.o [4]
  .text              ro code   0x800'1274   0x1a2  DblMul.o [3]
  .text              ro code   0x800'1418    0xa6  ABImemcpy.o [4]
  .text              ro code   0x800'14c0    0x70  frexp.o [3]
  .text              ro code   0x800'1530    0x2e  DblCmpLe.o [3]
  .text              ro code   0x800'1560    0x2e  DblCmpGe.o [3]
  .text              ro code   0x800'1590   0x13a  ldexp.o [3]
  .text              ro code   0x800'16cc    0x3a  DblToS32.o [3]
  .text              ro code   0x800'1708    0x22  S32ToDbl.o [3]
  .text              ro code   0x800'172c    0xe2  DblSub.o [3]
  .text              ro code   0x800'1810   0x246  DblDiv.o [3]
  .text              ro code   0x800'1a58    0x28  DblToU32.o [3]
  .text              ro code   0x800'1a80    0x1a  U32ToDbl.o [3]
  .text              ro code   0x800'1a9c     0x8  xlocale_c.o [2]
  .text              ro code   0x800'1aa4     0x6  abort.o [2]
  .text              ro code   0x800'1aac     0x2  I64DivZer.o [4]
  .text              ro code   0x800'1ab0   0x16a  DblAdd.o [3]
  .text              ro code   0x800'1c1c    0x14  exit.o [5]
  .text              ro code   0x800'1c30   0x6c0  stm32f1xx_hal_uart.o [1]
  .text              ro code   0x800'22f0   0x304  stm32f1xx_hal_msp.o [1]
  .text              ro code   0x800'25f4     0xc  stm32f1xx_hal.o [1]
  .text              ro code   0x800'2600   0x15c  stm32f1xx_hal_dma.o [1]
  .text              ro code   0x800'275c     0x2  stm32f1xx_hal_uart.o [1]
  .text              ro code   0x800'275e     0x2  stm32f1xx_hal_uart.o [1]
  .text              ro code   0x800'2760     0x2  stm32f1xx_hal_uart.o [1]
  .text              ro code   0x800'2764   0x344  main.o [1]
  .text              ro code   0x800'2aa8   0x50a  stm32f1xx_hal_rcc.o [1]
  .text              ro code   0x800'2fb4   0x1d8  stm32f1xx_hal_gpio.o [1]
  .text              ro code   0x800'318c     0x6  ABImemclr4.o [4]
  .text              ro code   0x800'3194    0x98  stm32f1xx_hal_cortex.o [1]
  .text              ro code   0x800'322c    0x24  stm32f1xx_hal.o [1]
  .text              ro code   0x800'3250   0x278  stm32f1xx_hal_adc.o [1]
  .text              ro code   0x800'34c8   0x150  stm32f1xx_hal_i2c.o [1]
  .text              ro code   0x800'3618    0xe8  stm32f1xx_hal_rcc_ex.o [1]
  .text              ro code   0x800'3700    0x28  printf.o [2]
  .text              ro code   0x800'3728    0x10  stm32f1xx_hal.o [1]
  .text              ro code   0x800'3738    0x98  stm32f1xx_hal_timebase_tim.o [1]
  .text              ro code   0x800'37d0    0x32  ABImemset48.o [4]
  .text              ro code   0x800'3804   0x2a2  stm32f1xx_hal_tim.o [1]
  .text              ro code   0x800'3aa6     0x2  stm32f1xx_hal_tim.o [1]
  .text              ro code   0x800'3aa8     0x2  stm32f1xx_hal_tim.o [1]
  .text              ro code   0x800'3aaa     0x2  stm32f1xx_hal_tim_ex.o [1]
  .text              ro code   0x800'3aac     0x2  stm32f1xx_hal_tim.o [1]
  .text              ro code   0x800'3aae     0x2  stm32f1xx_hal_tim_ex.o [1]
  .text              ro code   0x800'3ab0     0x2  stm32f1xx_hal_tim.o [1]
  .text              ro code   0x800'3ab4    0x50  stm32f1xx_it.o [1]
  .text              ro code   0x800'3b04    0x38  packbits_init_single.o [4]
  .text              ro code   0x800'3b3c    0x28  data_init.o [4]
  .iar.init_table    const     0x800'3b64    0x20  - Linker created -
  .text              ro code   0x800'3b84    0x1e  cmain.o [4]
  .text              ro code   0x800'3ba2     0x4  low_level_init.o [2]
  .text              ro code   0x800'3ba6     0x4  exit.o [2]
  .text              ro code   0x800'3bac     0xa  cexit.o [4]
  .text              ro code   0x800'3bb6    0x16  xprout.o [2]
  .text              ro code   0x800'3bcc     0xc  putchar.o [2]
  .text              ro code   0x800'3bd8    0x14  system_stm32f1xx.o [1]
  .text              ro code   0x800'3bec    0x10  startup_stm32f103xe.o [1]
  .text              ro code   0x800'3bfc     0xc  cstartup_M.o [4]
  .rodata            const     0x800'3c08     0x8  system_stm32f1xx.o [1]
  .rodata            const     0x800'3c10     0x4  xlocale_c.o [2]
  .text              ro code   0x800'3c14     0x4  startup_stm32f103xe.o [1]
  .text              ro code   0x800'3c18     0x4  startup_stm32f103xe.o [1]
  .text              ro code   0x800'3c1c     0x4  startup_stm32f103xe.o [1]
  .text              ro code   0x800'3c20     0x4  startup_stm32f103xe.o [1]
  .text              ro code   0x800'3c24     0x4  startup_stm32f103xe.o [1]
  .text              ro code   0x800'3c28     0x4  startup_stm32f103xe.o [1]
  .text              ro code   0x800'3c2c     0x4  startup_stm32f103xe.o [1]
  .text              ro code   0x800'3c30     0x4  startup_stm32f103xe.o [1]
  .text              ro code   0x800'3c34     0x4  startup_stm32f103xe.o [1]
  .text              ro code   0x800'3c38     0x4  startup_stm32f103xe.o [1]
  .text              ro code   0x800'3c3c     0x4  startup_stm32f103xe.o [1]
  .text              ro code   0x800'3c40     0x4  startup_stm32f103xe.o [1]
  .text              ro code   0x800'3c44     0x4  startup_stm32f103xe.o [1]
  .text              ro code   0x800'3c48     0x4  startup_stm32f103xe.o [1]
  .text              ro code   0x800'3c4c     0x4  startup_stm32f103xe.o [1]
  .text              ro code   0x800'3c50     0x4  startup_stm32f103xe.o [1]
  .text              ro code   0x800'3c54     0x4  startup_stm32f103xe.o [1]
  .text              ro code   0x800'3c58     0x4  startup_stm32f103xe.o [1]
  .text              ro code   0x800'3c5c     0x4  startup_stm32f103xe.o [1]
  .text              ro code   0x800'3c60     0x4  startup_stm32f103xe.o [1]
  .text              ro code   0x800'3c64     0x4  startup_stm32f103xe.o [1]
  .text              ro code   0x800'3c68     0x4  startup_stm32f103xe.o [1]
  .text              ro code   0x800'3c6c     0x4  startup_stm32f103xe.o [1]
  .text              ro code   0x800'3c70     0x4  startup_stm32f103xe.o [1]
  .text              ro code   0x800'3c74     0x4  startup_stm32f103xe.o [1]
  .text              ro code   0x800'3c78     0x4  startup_stm32f103xe.o [1]
  .text              ro code   0x800'3c7c     0x4  startup_stm32f103xe.o [1]
  .text              ro code   0x800'3c80     0x4  startup_stm32f103xe.o [1]
  .text              ro code   0x800'3c84     0x4  startup_stm32f103xe.o [1]
  .text              ro code   0x800'3c88     0x4  startup_stm32f103xe.o [1]
  .text              ro code   0x800'3c8c     0x4  startup_stm32f103xe.o [1]
  .text              ro code   0x800'3c90     0x4  startup_stm32f103xe.o [1]
  .text              ro code   0x800'3c94     0x4  startup_stm32f103xe.o [1]
  .text              ro code   0x800'3c98     0x4  startup_stm32f103xe.o [1]
  .text              ro code   0x800'3c9c     0x4  startup_stm32f103xe.o [1]
  .text              ro code   0x800'3ca0     0x4  startup_stm32f103xe.o [1]
  .text              ro code   0x800'3ca4     0x4  startup_stm32f103xe.o [1]
  .text              ro code   0x800'3ca8     0x4  startup_stm32f103xe.o [1]
  .text              ro code   0x800'3cac     0x4  startup_stm32f103xe.o [1]
  .text              ro code   0x800'3cb0     0x4  startup_stm32f103xe.o [1]
  .text              ro code   0x800'3cb4     0x4  startup_stm32f103xe.o [1]
  .text              ro code   0x800'3cb8     0x4  startup_stm32f103xe.o [1]
  .text              ro code   0x800'3cbc     0x4  startup_stm32f103xe.o [1]
  .text              ro code   0x800'3cc0     0x4  startup_stm32f103xe.o [1]
  .text              ro code   0x800'3cc4     0x4  startup_stm32f103xe.o [1]
  .text              ro code   0x800'3cc8     0x4  startup_stm32f103xe.o [1]
  .text              ro code   0x800'3ccc     0x4  startup_stm32f103xe.o [1]
  .text              ro code   0x800'3cd0     0x4  startup_stm32f103xe.o [1]
  .text              ro code   0x800'3cd4     0x4  startup_stm32f103xe.o [1]
  .text              ro code   0x800'3cd8     0x4  startup_stm32f103xe.o [1]
  .text              ro code   0x800'3cdc     0x4  startup_stm32f103xe.o [1]
  .text              ro code   0x800'3ce0     0x4  startup_stm32f103xe.o [1]
  .text              ro code   0x800'3ce4     0x4  startup_stm32f103xe.o [1]
  .text              ro code   0x800'3ce8     0x4  startup_stm32f103xe.o [1]
  .rodata            const     0x800'3cec     0x0  zero_init3.o [4]
  .rodata            const     0x800'3cec     0x0  packbits_init_single.o [4]
  Initializer bytes  const     0x800'3cec    0x64  <for P2-1>
                             - 0x800'3d50  0x3c20

"P2", part 1 of 3:                           0x90
  P2-1                        0x2000'0000    0x90  <Init block>
    .data            inited   0x2000'0000     0xc  stm32f1xx_hal.o [1]
    .data            inited   0x2000'000c     0x4  system_stm32f1xx.o [1]
    .data            inited   0x2000'0010    0x38  xlocale_c.o [2]
    .data            inited   0x2000'0048    0x48  xfiles.o [2]
                            - 0x2000'0090    0x90

"P2", part 2 of 3:                          0x294
  .bss               zero     0x2000'0090   0x1a4  main.o [1]
  .bss               zero     0x2000'0234    0x54  main.o [1]
  .bss               zero     0x2000'0288    0x50  xfiles.o [2]
  .bss               zero     0x2000'02d8    0x48  stm32f1xx_hal_timebase_tim.o [1]
  .bss               zero     0x2000'0320     0x4  xfail_s.o [2]
                            - 0x2000'0324   0x294

"P2", part 3 of 3:                          0x400
  CSTACK                      0x2000'0328   0x400  <Block>
    CSTACK           uninit   0x2000'0328   0x400  <Block tail>
                            - 0x2000'0728   0x400

Unused ranges:

         From           To      Size
         ----           --      ----
   0x800'3d50   0x807'ffff  0x7'c2b0
  0x2000'0324  0x2000'0327       0x4
  0x2000'0728  0x2000'ffff    0xf8d8


*******************************************************************************
*** INIT TABLE
***

          Address      Size
          -------      ----
Zero (__iar_zero_init3)
    1 destination range, total size 0x294:
          0x2000'0090  0x294

Copy/packbits (__iar_packbits_init_single3)
    1 source range, total size 0x64 (69% of destination):
           0x800'3cec   0x64
    1 destination range, total size 0x90:
          0x2000'0000   0x90



*******************************************************************************
*** MODULE SUMMARY
***

    Module                        ro code  ro data  rw data
    ------                        -------  -------  -------
command line/config:
    -------------------------------------------------------
    Total:

C:\Users\SC Team\Desktop\00.Local FW\01.MiniGimbal\Gimbal_mini\EWARM\Gimbal_mini\Obj: [1]
    main.o                            836               504
    startup_stm32f103xe.o             536
    stm32f1xx_hal.o                    64        8       12
    stm32f1xx_hal_adc.o               632
    stm32f1xx_hal_cortex.o            152
    stm32f1xx_hal_dma.o               348
    stm32f1xx_hal_gpio.o              472
    stm32f1xx_hal_i2c.o               336
    stm32f1xx_hal_msp.o               772
    stm32f1xx_hal_rcc.o             1 290
    stm32f1xx_hal_rcc_ex.o            232
    stm32f1xx_hal_tim.o               682
    stm32f1xx_hal_tim_ex.o              4
    stm32f1xx_hal_timebase_tim.o      152                72
    stm32f1xx_hal_uart.o            1 734
    stm32f1xx_it.o                     80
    system_stm32f1xx.o                 20       11        4
    -------------------------------------------------------
    Total:                          8 342       19      592

dl7M_tlf.a: [2]
    abort.o                             6
    exit.o                              4
    low_level_init.o                    4
    printf.o                           40
    putchar.o                          12
    xfail_s.o                          64                 4
    xfiles.o                                    50      152
    xlocale_c.o                         8       43       56
    xprintffull_nomb.o              3 570
    xprout.o                           22
    -------------------------------------------------------
    Total:                          3 730       93      212

m7M_tl.a: [3]
    DblAdd.o                          362
    DblCmpGe.o                         46
    DblCmpLe.o                         46
    DblDiv.o                          582
    DblMul.o                          418
    DblSub.o                          226
    DblToS32.o                         58
    DblToU32.o                         40
    S32ToDbl.o                         34
    U32ToDbl.o                         26
    frexp.o                           112
    ldexp.o                           314
    -------------------------------------------------------
    Total:                          2 264

rt7M_tl.a: [4]
    ABImemclr4.o                        6
    ABImemcpy.o                       166
    ABImemset48.o                      50
    I64DivMod.o                       560
    I64DivZer.o                         2
    cexit.o                            10
    cmain.o                            30
    cstartup_M.o                       12
    data_init.o                        40
    memchr.o                           88
    packbits_init_single.o             56
    strchr.o                           22
    strlen.o                           54
    zero_init3.o                       58
    -------------------------------------------------------
    Total:                          1 154

shb_l.a: [5]
    exit.o                             20
    -------------------------------------------------------
    Total:                             20

    Gaps                               42
    Linker created                              32    1 024
-----------------------------------------------------------
    Grand Total:                   15 552      144    1 828


*******************************************************************************
*** ENTRY LIST
***

Entry                       Address   Size  Type      Object
-----                       -------   ----  ----      ------
.iar.init_table$$Base    0x800'3b64          --   Gb  - Linker created -
.iar.init_table$$Limit   0x800'3b84          --   Gb  - Linker created -
?main                    0x800'3b85         Code  Gb  cmain.o [4]
ADC_ConversionStop_Disable
                         0x800'3479   0x48  Code  Gb  stm32f1xx_hal_adc.o [1]
AHBPrescTable            0x800'3bdc   0x10  Data  Gb  system_stm32f1xx.o [1]
APBPrescTable            0x800'3c08    0x8  Data  Gb  system_stm32f1xx.o [1]
BusFault_Handler         0x800'3abb    0x2  Code  Gb  stm32f1xx_it.o [1]
CSTACK$$Base            0x2000'0328          --   Gb  - Linker created -
CSTACK$$Limit           0x2000'0728          --   Gb  - Linker created -
DebugMon_Handler         0x800'3ac1    0x2  Code  Gb  stm32f1xx_it.o [1]
Error_Handler            0x800'2a97    0x4  Code  Gb  main.o [1]
HAL_ADC_ConfigChannel    0x800'3361   0xe4  Code  Gb  stm32f1xx_hal_adc.o [1]
HAL_ADC_Init             0x800'3251  0x110  Code  Gb  stm32f1xx_hal_adc.o [1]
HAL_ADC_MspInit          0x800'232f   0x48  Code  Gb  stm32f1xx_hal_msp.o [1]
HAL_DMA_Abort            0x800'2601   0x4a  Code  Gb  stm32f1xx_hal_dma.o [1]
HAL_DMA_Abort_IT         0x800'264b   0xdc  Code  Gb  stm32f1xx_hal_dma.o [1]
HAL_GPIO_Init            0x800'2fb5  0x194  Code  Gb  stm32f1xx_hal_gpio.o [1]
HAL_GPIO_WritePin        0x800'3149    0x8  Code  Gb  stm32f1xx_hal_gpio.o [1]
HAL_GetTick              0x800'25f5    0xc  Code  Wk  stm32f1xx_hal.o [1]
HAL_I2C_Init             0x800'34c9  0x12c  Code  Gb  stm32f1xx_hal_i2c.o [1]
HAL_I2C_MspInit          0x800'2377   0x4e  Code  Gb  stm32f1xx_hal_msp.o [1]
HAL_IncTick              0x800'3729   0x10  Code  Wk  stm32f1xx_hal.o [1]
HAL_Init                 0x800'322d   0x20  Code  Gb  stm32f1xx_hal.o [1]
HAL_InitTick             0x800'3739   0x88  Code  Gb  stm32f1xx_hal_timebase_tim.o [1]
HAL_MspInit              0x800'22f1   0x3e  Code  Gb  stm32f1xx_hal_msp.o [1]
HAL_NVIC_EnableIRQ       0x800'3203   0x16  Code  Gb  stm32f1xx_hal_cortex.o [1]
HAL_NVIC_SetPriority     0x800'31c9   0x3a  Code  Gb  stm32f1xx_hal_cortex.o [1]
HAL_NVIC_SetPriorityGrouping
                         0x800'31af   0x1a  Code  Gb  stm32f1xx_hal_cortex.o [1]
HAL_RCCEx_PeriphCLKConfig
                         0x800'3619   0xda  Code  Gb  stm32f1xx_hal_rcc_ex.o [1]
HAL_RCC_ClockConfig      0x800'2dc9   0xf4  Code  Gb  stm32f1xx_hal_rcc.o [1]
HAL_RCC_GetClockConfig   0x800'2f37   0x36  Code  Gb  stm32f1xx_hal_rcc.o [1]
HAL_RCC_GetPCLK1Freq     0x800'2f13   0x10  Code  Gb  stm32f1xx_hal_rcc.o [1]
HAL_RCC_GetPCLK2Freq     0x800'2f23    0xe  Code  Gb  stm32f1xx_hal_rcc.o [1]
HAL_RCC_GetSysClockFreq
                         0x800'2ed1   0x42  Code  Gb  stm32f1xx_hal_rcc.o [1]
HAL_RCC_GetSysClockFreq::aPLLMULFactorTable
                         0x800'2fa0   0x10  Data  Lc  stm32f1xx_hal_rcc.o [1]
HAL_RCC_GetSysClockFreq::aPredivFactorTable
                         0x800'2fb0    0x2  Data  Lc  stm32f1xx_hal_rcc.o [1]
HAL_RCC_OscConfig        0x800'2aa9  0x318  Code  Gb  stm32f1xx_hal_rcc.o [1]
HAL_TIMEx_BreakCallback
                         0x800'3aab    0x2  Code  Wk  stm32f1xx_hal_tim_ex.o [1]
HAL_TIMEx_CommutCallback
                         0x800'3aaf    0x2  Code  Wk  stm32f1xx_hal_tim_ex.o [1]
HAL_TIM_Base_Init        0x800'3805   0x1a  Code  Gb  stm32f1xx_hal_tim.o [1]
HAL_TIM_Base_Start_IT    0x800'381f   0x6c  Code  Gb  stm32f1xx_hal_tim.o [1]
HAL_TIM_IRQHandler       0x800'38cd  0x142  Code  Gb  stm32f1xx_hal_tim.o [1]
HAL_TIM_PeriodElapsedCallback
                         0x800'2a89    0xe  Code  Gb  main.o [1]
HAL_UART_IRQHandler      0x800'1de3  0x25e  Code  Gb  stm32f1xx_hal_uart.o [1]
HAL_UART_Init            0x800'1c31   0x1e  Code  Gb  stm32f1xx_hal_uart.o [1]
HAL_UART_MspInit         0x800'23cf  0x1a6  Code  Gb  stm32f1xx_hal_msp.o [1]
HAL_UART_Receive_IT      0x800'1d81   0x26  Code  Gb  stm32f1xx_hal_uart.o [1]
HAL_UART_RxCpltCallback
                         0x800'29f5   0x5c  Code  Gb  main.o [1]
HAL_UART_Transmit        0x800'1cab   0x9c  Code  Gb  stm32f1xx_hal_uart.o [1]
HAL_UART_Transmit_IT     0x800'1d4f   0x32  Code  Gb  stm32f1xx_hal_uart.o [1]
HardFault_Handler        0x800'3ab7    0x2  Code  Gb  stm32f1xx_it.o [1]
LoadInt                  0x800'02df   0x7a  Code  Lc  xprintffull_nomb.o [2]
MemManage_Handler        0x800'3ab9    0x2  Code  Gb  stm32f1xx_it.o [1]
NMI_Handler              0x800'3ab5    0x2  Code  Gb  stm32f1xx_it.o [1]
PendSV_Handler           0x800'3ac3    0x2  Code  Gb  stm32f1xx_it.o [1]
Region$$Table$$Base      0x800'3b64          --   Gb  - Linker created -
Region$$Table$$Limit     0x800'3b84          --   Gb  - Linker created -
Rx_buffer               0x2000'0235    0x1  Data  Gb  main.o [1]
SVC_Handler              0x800'3abf    0x2  Code  Gb  stm32f1xx_it.o [1]
SysTick_Handler          0x800'3ac5    0x2  Code  Gb  stm32f1xx_it.o [1]
SystemClock_Config       0x800'2973   0x82  Code  Gb  main.o [1]
SystemCoreClock         0x2000'000c    0x4  Data  Gb  system_stm32f1xx.o [1]
SystemInit               0x800'3bd9    0x2  Code  Gb  system_stm32f1xx.o [1]
TIM2_IRQHandler          0x800'3ac7    0x6  Code  Gb  stm32f1xx_it.o [1]
TIM_Base_SetConfig       0x800'3a1d   0x74  Code  Gb  stm32f1xx_hal_tim.o [1]
UART4_IRQHandler         0x800'3adf    0x6  Code  Gb  stm32f1xx_it.o [1]
UART5_IRQHandler         0x800'3ae5    0x6  Code  Gb  stm32f1xx_it.o [1]
UART_DMAAbortOnError     0x800'21ad    0xc  Code  Lc  stm32f1xx_hal_uart.o [1]
UART_EndRxTransfer       0x800'2149   0x60  Code  Lc  stm32f1xx_hal_uart.o [1]
UART_Receive_IT          0x800'21b9   0xb8  Code  Lc  stm32f1xx_hal_uart.o [1]
UART_SetConfig           0x800'2271   0x74  Code  Lc  stm32f1xx_hal_uart.o [1]
UART_Start_Receive_IT    0x800'2107   0x30  Code  Gb  stm32f1xx_hal_uart.o [1]
UART_WaitOnFlagUntilTimeout
                         0x800'207f   0x5e  Code  Lc  stm32f1xx_hal_uart.o [1]
USART1_IRQHandler        0x800'3acd    0x6  Code  Gb  stm32f1xx_it.o [1]
USART2_IRQHandler        0x800'3ad3    0x6  Code  Gb  stm32f1xx_it.o [1]
USART3_IRQHandler        0x800'3ad9    0x6  Code  Gb  stm32f1xx_it.o [1]
UsageFault_Handler       0x800'3abd    0x2  Code  Gb  stm32f1xx_it.o [1]
_GenldFullNoMb           0x800'0c21  0x274  Code  Lc  xprintffull_nomb.o [2]
_LdtobFullNoMb           0x800'081d  0x3d6  Code  Lc  xprintffull_nomb.o [2]
_LitobFullNoMb           0x800'06cd  0x10a  Code  Lc  xprintffull_nomb.o [2]
_Locale_lconv           0x2000'0010   0x38  Data  Lc  xlocale_c.o [2]
_PrintfFullNoMb          0x800'0131  0x19e  Code  Gb  xprintffull_nomb.o [2]
_Prout                   0x800'3bb7   0x16  Code  Gb  xprout.o [2]
_PutcharsFullNoMb        0x800'0e95   0x2e  Code  Lc  xprintffull_nomb.o [2]
_PutfldFullNoMb          0x800'0359  0x268  Code  Lc  xprintffull_nomb.o [2]
_PuttxtFullNoMb          0x800'05c1  0x10c  Code  Lc  xprintffull_nomb.o [2]
__NVIC_SetPriority       0x800'3195   0x1a  Code  Lc  stm32f1xx_hal_cortex.o [1]
__aeabi_cdcmple          0x800'1531         Code  Gb  DblCmpLe.o [3]
__aeabi_cdrcmple         0x800'1561         Code  Gb  DblCmpGe.o [3]
__aeabi_d2iz             0x800'16cd         Code  Gb  DblToS32.o [3]
__aeabi_d2uiz            0x800'1a59         Code  Gb  DblToU32.o [3]
__aeabi_ddiv             0x800'1811         Code  Gb  DblDiv.o [3]
__aeabi_dmul             0x800'1275         Code  Gb  DblMul.o [3]
__aeabi_dsub             0x800'172d         Code  Gb  DblSub.o [3]
__aeabi_i2d              0x800'1709         Code  Gb  S32ToDbl.o [3]
__aeabi_ldiv0            0x800'1aad         Code  Gb  I64DivZer.o [4]
__aeabi_memclr4          0x800'318d         Code  Gb  ABImemclr4.o [4]
__aeabi_memcpy           0x800'1419         Code  Gb  ABImemcpy.o [4]
__aeabi_memcpy4          0x800'1439         Code  Gb  ABImemcpy.o [4]
__aeabi_memcpy8          0x800'1439         Code  Gb  ABImemcpy.o [4]
__aeabi_ui2d             0x800'1a81         Code  Gb  U32ToDbl.o [3]
__aeabi_uldivmod         0x800'1045         Code  Gb  I64DivMod.o [4]
__cmain                  0x800'3b85         Code  Gb  cmain.o [4]
__exit                   0x800'1c1d   0x14  Code  Gb  exit.o [5]
__iar_Fail_s             0x800'0f75   0x1c  Code  Gb  xfail_s.o [2]
__iar_Memchr             0x800'0fed         Code  Gb  memchr.o [4]
__iar_Memset4_word       0x800'37d1         Code  Gb  ABImemset48.o [4]
__iar_Memset8_word       0x800'37d1         Code  Gb  ABImemset48.o [4]
__iar_Stdout            0x2000'0048   0x48  Data  Gb  xfiles.o [2]
__iar_Strchr             0x800'0f5d         Code  Gb  strchr.o [4]
__iar_dadd               0x800'173d         Code  Gb  DblSub.o [3]
__iar_data_init3         0x800'3b3d   0x28  Code  Gb  data_init.o [4]
__iar_dsub               0x800'1ab1         Code  Gb  DblAdd.o [3]
__iar_dsubStart          0x800'1ac3         Code  Gb  DblAdd.o [3]
__iar_frexp              0x800'14cd         Code  Gb  frexp.o [3]
__iar_frexp64            0x800'14c1         Code  Gb  frexp.o [3]
__iar_frexpl             0x800'14cd         Code  Gb  frexp.o [3]
__iar_ldexp64            0x800'1591         Code  Gb  ldexp.o [3]
__iar_packbits_init_single3
                         0x800'3b05   0x38  Code  Gb  packbits_init_single.o [4]
__iar_program_start      0x800'3bfd         Code  Gb  cstartup_M.o [4]
__iar_scalbln64          0x800'1591         Code  Gb  ldexp.o [3]
__iar_scalbn64           0x800'1591         Code  Gb  ldexp.o [3]
__iar_zero_init3         0x800'0f23   0x3a  Code  Gb  zero_init3.o [4]
__low_level_init         0x800'3ba3    0x4  Code  Gb  low_level_init.o [2]
__vector_table           0x800'0000         Data  Gb  startup_stm32f103xe.o [1]
_call_main               0x800'3b91         Code  Gb  cmain.o [4]
_exit                    0x800'3bad         Code  Gb  cexit.o [4]
_main                    0x800'3b9f         Code  Gb  cmain.o [4]
abort                    0x800'1aa5    0x6  Code  Gb  abort.o [2]
exit                     0x800'3ba7    0x4  Code  Gb  exit.o [2]
fputc                    0x800'2765   0x14  Code  Gb  main.o [1]
frexp                    0x800'14c1         Code  Gb  frexp.o [3]
frexpl                   0x800'14c1         Code  Gb  frexp.o [3]
hadc1                   0x2000'0090   0x30  Data  Gb  main.o [1]
hi2c1                   0x2000'00c0   0x54  Data  Gb  main.o [1]
htim2                   0x2000'02d8   0x48  Data  Gb  stm32f1xx_hal_timebase_tim.o [1]
huart1                  0x2000'0240   0x48  Data  Gb  main.o [1]
huart2                  0x2000'01a4   0x48  Data  Gb  main.o [1]
huart3                  0x2000'01ec   0x48  Data  Gb  main.o [1]
huart4                  0x2000'0114   0x48  Data  Gb  main.o [1]
huart5                  0x2000'015c   0x48  Data  Gb  main.o [1]
ldexp                    0x800'1591         Code  Gb  ldexp.o [3]
ldexpl                   0x800'1591         Code  Gb  ldexp.o [3]
localeconv               0x800'1a9d    0x4  Code  Gb  xlocale_c.o [2]
main                     0x800'2779  0x1e8  Code  Gb  main.o [1]
memchr                   0x800'0fed         Code  Gb  memchr.o [4]
msg_r_data              0x2000'0238    0x8  Data  Gb  main.o [1]
obuf                    0x2000'0288   0x50  Data  Lc  xfiles.o [2]
printf                   0x800'3701   0x28  Code  Gb  printf.o [2]
putchar                  0x800'3bcd    0xc  Code  Gb  putchar.o [2]
rx_indx                 0x2000'0234    0x1  Data  Gb  main.o [1]
scalbln                  0x800'1591         Code  Gb  ldexp.o [3]
scalblnl                 0x800'1591         Code  Gb  ldexp.o [3]
scalbn                   0x800'1591         Code  Gb  ldexp.o [3]
scalbnl                  0x800'1591         Code  Gb  ldexp.o [3]
scale                    0x800'07d7   0x46  Code  Lc  xprintffull_nomb.o [2]
sec_hand                0x2000'0320    0x4  Data  Lc  xfail_s.o [2]
strchr                   0x800'0f5d         Code  Gb  strchr.o [4]
strlen                   0x800'0fb5         Code  Gb  strlen.o [4]
uwTick                  0x2000'0004    0x4  Data  Gb  stm32f1xx_hal.o [1]
uwTickFreq              0x2000'0000    0x1  Data  Gb  stm32f1xx_hal.o [1]
uwTickPrio              0x2000'0008    0x4  Data  Gb  stm32f1xx_hal.o [1]


[1] = C:\Users\SC Team\Desktop\00.Local FW\01.MiniGimbal\Gimbal_mini\EWARM\Gimbal_mini\Obj
[2] = dl7M_tlf.a
[3] = m7M_tl.a
[4] = rt7M_tl.a
[5] = shb_l.a

  15 552 bytes of readonly  code memory
     144 bytes of readonly  data memory
   1 828 bytes of readwrite data memory

Errors: none
Warnings: none
