###############################################################################
#
# IAR ELF Linker V8.32.3.193/W32 for ARM                  26/Mar/2024  15:06:00
# Copyright 2007-2019 IAR Systems AB.
#
#    Output file  =  
#        C:\Users\SC Team\Desktop\00.Local
#        FW\01.MiniGimbal\Gimbal_mini\EWARM\Gimbal_mini\Exe\Gimbal_mini.out
#    Map file     =  
#        C:\Users\SC Team\Desktop\00.Local
#        FW\01.MiniGimbal\Gimbal_mini\EWARM\Gimbal_mini\List\Gimbal_mini.map
#    Command line =  
#        -f C:\Users\SCTEAM~1\AppData\Local\Temp\EWB343.tmp ("C:\Users\SC
#        Team\Desktop\00.Local
#        FW\01.MiniGimbal\Gimbal_mini\EWARM\Gimbal_mini\Obj\main.o"
#        "C:\Users\SC Team\Desktop\00.Local
#        FW\01.MiniGimbal\Gimbal_mini\EWARM\Gimbal_mini\Obj\main_function.o"
#        "C:\Users\SC Team\Desktop\00.Local
#        FW\01.MiniGimbal\Gimbal_mini\EWARM\Gimbal_mini\Obj\startup_stm32f103xe.o"
#        "C:\Users\SC Team\Desktop\00.Local
#        FW\01.MiniGimbal\Gimbal_mini\EWARM\Gimbal_mini\Obj\stm32f1xx_hal.o"
#        "C:\Users\SC Team\Desktop\00.Local
#        FW\01.MiniGimbal\Gimbal_mini\EWARM\Gimbal_mini\Obj\stm32f1xx_hal_adc.o"
#        "C:\Users\SC Team\Desktop\00.Local
#        FW\01.MiniGimbal\Gimbal_mini\EWARM\Gimbal_mini\Obj\stm32f1xx_hal_adc_ex.o"
#        "C:\Users\SC Team\Desktop\00.Local
#        FW\01.MiniGimbal\Gimbal_mini\EWARM\Gimbal_mini\Obj\stm32f1xx_hal_cortex.o"
#        "C:\Users\SC Team\Desktop\00.Local
#        FW\01.MiniGimbal\Gimbal_mini\EWARM\Gimbal_mini\Obj\stm32f1xx_hal_dma.o"
#        "C:\Users\SC Team\Desktop\00.Local
#        FW\01.MiniGimbal\Gimbal_mini\EWARM\Gimbal_mini\Obj\stm32f1xx_hal_exti.o"
#        "C:\Users\SC Team\Desktop\00.Local
#        FW\01.MiniGimbal\Gimbal_mini\EWARM\Gimbal_mini\Obj\stm32f1xx_hal_flash.o"
#        "C:\Users\SC Team\Desktop\00.Local
#        FW\01.MiniGimbal\Gimbal_mini\EWARM\Gimbal_mini\Obj\stm32f1xx_hal_flash_ex.o"
#        "C:\Users\SC Team\Desktop\00.Local
#        FW\01.MiniGimbal\Gimbal_mini\EWARM\Gimbal_mini\Obj\stm32f1xx_hal_gpio.o"
#        "C:\Users\SC Team\Desktop\00.Local
#        FW\01.MiniGimbal\Gimbal_mini\EWARM\Gimbal_mini\Obj\stm32f1xx_hal_gpio_ex.o"
#        "C:\Users\SC Team\Desktop\00.Local
#        FW\01.MiniGimbal\Gimbal_mini\EWARM\Gimbal_mini\Obj\stm32f1xx_hal_i2c.o"
#        "C:\Users\SC Team\Desktop\00.Local
#        FW\01.MiniGimbal\Gimbal_mini\EWARM\Gimbal_mini\Obj\stm32f1xx_hal_msp.o"
#        "C:\Users\SC Team\Desktop\00.Local
#        FW\01.MiniGimbal\Gimbal_mini\EWARM\Gimbal_mini\Obj\stm32f1xx_hal_pwr.o"
#        "C:\Users\SC Team\Desktop\00.Local
#        FW\01.MiniGimbal\Gimbal_mini\EWARM\Gimbal_mini\Obj\stm32f1xx_hal_rcc.o"
#        "C:\Users\SC Team\Desktop\00.Local
#        FW\01.MiniGimbal\Gimbal_mini\EWARM\Gimbal_mini\Obj\stm32f1xx_hal_rcc_ex.o"
#        "C:\Users\SC Team\Desktop\00.Local
#        FW\01.MiniGimbal\Gimbal_mini\EWARM\Gimbal_mini\Obj\stm32f1xx_hal_tim.o"
#        "C:\Users\SC Team\Desktop\00.Local
#        FW\01.MiniGimbal\Gimbal_mini\EWARM\Gimbal_mini\Obj\stm32f1xx_hal_tim_ex.o"
#        "C:\Users\SC Team\Desktop\00.Local
#        FW\01.MiniGimbal\Gimbal_mini\EWARM\Gimbal_mini\Obj\stm32f1xx_hal_timebase_tim.o"
#        "C:\Users\SC Team\Desktop\00.Local
#        FW\01.MiniGimbal\Gimbal_mini\EWARM\Gimbal_mini\Obj\stm32f1xx_hal_uart.o"
#        "C:\Users\SC Team\Desktop\00.Local
#        FW\01.MiniGimbal\Gimbal_mini\EWARM\Gimbal_mini\Obj\stm32f1xx_it.o"
#        "C:\Users\SC Team\Desktop\00.Local
#        FW\01.MiniGimbal\Gimbal_mini\EWARM\Gimbal_mini\Obj\system_stm32f1xx.o"
#        --no_out_extension -o "C:\Users\SC Team\Desktop\00.Local
#        FW\01.MiniGimbal\Gimbal_mini\EWARM\Gimbal_mini\Exe\Gimbal_mini.out"
#        --redirect _Printf=_PrintfFullNoMb --redirect _Scanf=_ScanfFullNoMb
#        --map "C:\Users\SC Team\Desktop\00.Local
#        FW\01.MiniGimbal\Gimbal_mini\EWARM\Gimbal_mini\List\Gimbal_mini.map"
#        --config "C:\Users\SC Team\Desktop\00.Local
#        FW\01.MiniGimbal\Gimbal_mini\EWARM/stm32f103xe_flash.icf"
#        --semihosting --entry __iar_program_start --redirect
#        __write=__write_buffered --redirect
#        __iar_sh_stdout=__iar_sh_stdout_swo --vfe --text_out locale)
#
###############################################################################

*******************************************************************************
*** RUNTIME MODEL ATTRIBUTES
***

CppFlavor       = *
__SystemLibrary = DLib
__dlib_version  = 6


*******************************************************************************
*** HEAP SELECTION
***

The basic heap was selected because no calls to memory allocation
functions were found in the application outside of system library
functions, and there are calls to deallocation functions in the
application.


*******************************************************************************
*** PLACEMENT SUMMARY
***

"A0":  place at 0x800'0000 { ro section .intvec };
"P1":  place in [from 0x800'0000 to 0x807'ffff] { ro };
define block CSTACK with size = 1K, alignment = 8 { };
define block HEAP with size = 512, alignment = 8 { };
"P2":  place in [from 0x2000'0000 to 0x2000'ffff] {
          rw, block CSTACK, block HEAP };
initialize by copy { rw };

  Section            Kind         Address    Size  Object
  -------            ----         -------    ----  ------
"A0":                                       0x130
  .intvec            ro code   0x800'0000   0x130  startup_stm32f103xe.o [1]
                             - 0x800'0130   0x130

"P1":                                      0x1fcc
  .text              ro code   0x800'0130   0x588  stm32f1xx_hal_uart.o [1]
  .text              ro code   0x800'06b8   0x304  stm32f1xx_hal_msp.o [1]
  .text              ro code   0x800'09bc   0x15c  stm32f1xx_hal_dma.o [1]
  .text              ro code   0x800'0b18     0x2  stm32f1xx_hal_uart.o [1]
  .text              ro code   0x800'0b1a     0x2  stm32f1xx_hal_uart.o [1]
  .text              ro code   0x800'0b1c     0x2  stm32f1xx_hal_uart.o [1]
  .text              ro code   0x800'0b1e    0x3a  zero_init3.o [3]
  .text              ro code   0x800'0b58   0x2f2  main.o [1]
  .text              ro code   0x800'0e4c   0x50a  stm32f1xx_hal_rcc.o [1]
  .text              ro code   0x800'1358   0x1d8  stm32f1xx_hal_gpio.o [1]
  .text              ro code   0x800'1530     0x6  ABImemclr4.o [3]
  .text              ro code   0x800'1538    0x98  stm32f1xx_hal_cortex.o [1]
  .text              ro code   0x800'15d0    0x24  stm32f1xx_hal.o [1]
  .text              ro code   0x800'15f4   0x278  stm32f1xx_hal_adc.o [1]
  .text              ro code   0x800'186c   0x150  stm32f1xx_hal_i2c.o [1]
  .text              ro code   0x800'19bc    0xe8  stm32f1xx_hal_rcc_ex.o [1]
  .text              ro code   0x800'1aa4    0x90  main_function.o [1]
  .text              ro code   0x800'1b34    0x10  stm32f1xx_hal.o [1]
  .text              ro code   0x800'1b44     0xc  stm32f1xx_hal.o [1]
  .text              ro code   0x800'1b50    0x98  stm32f1xx_hal_timebase_tim.o [1]
  .text              ro code   0x800'1be8    0x32  ABImemset48.o [3]
  .text              ro code   0x800'1c1c   0x2a2  stm32f1xx_hal_tim.o [1]
  .text              ro code   0x800'1ebe     0x2  stm32f1xx_hal_tim.o [1]
  .text              ro code   0x800'1ec0     0x2  stm32f1xx_hal_tim.o [1]
  .text              ro code   0x800'1ec2     0x2  stm32f1xx_hal_tim_ex.o [1]
  .text              ro code   0x800'1ec4     0x2  stm32f1xx_hal_tim.o [1]
  .text              ro code   0x800'1ec6     0x2  stm32f1xx_hal_tim_ex.o [1]
  .text              ro code   0x800'1ec8     0x2  stm32f1xx_hal_tim.o [1]
  .text              ro code   0x800'1ecc    0x50  stm32f1xx_it.o [1]
  .text              ro code   0x800'1f1c    0x2c  copy_init3.o [3]
  .text              ro code   0x800'1f48    0x28  data_init.o [3]
  .iar.init_table    const     0x800'1f70    0x24  - Linker created -
  .text              ro code   0x800'1f94    0x1e  cmain.o [3]
  .text              ro code   0x800'1fb2     0x4  low_level_init.o [2]
  .text              ro code   0x800'1fb6     0x4  exit.o [2]
  .text              ro code   0x800'1fbc     0xa  cexit.o [3]
  .text              ro code   0x800'1fc8    0x14  exit.o [4]
  .text              ro code   0x800'1fdc    0x14  system_stm32f1xx.o [1]
  .text              ro code   0x800'1ff0    0x10  startup_stm32f103xe.o [1]
  Initializer bytes  const     0x800'2000    0x10  <for P2-1>
  .text              ro code   0x800'2010     0xc  cstartup_M.o [3]
  .rodata            const     0x800'201c     0x8  system_stm32f1xx.o [1]
  .text              ro code   0x800'2024     0x4  startup_stm32f103xe.o [1]
  .text              ro code   0x800'2028     0x4  startup_stm32f103xe.o [1]
  .text              ro code   0x800'202c     0x4  startup_stm32f103xe.o [1]
  .text              ro code   0x800'2030     0x4  startup_stm32f103xe.o [1]
  .text              ro code   0x800'2034     0x4  startup_stm32f103xe.o [1]
  .text              ro code   0x800'2038     0x4  startup_stm32f103xe.o [1]
  .text              ro code   0x800'203c     0x4  startup_stm32f103xe.o [1]
  .text              ro code   0x800'2040     0x4  startup_stm32f103xe.o [1]
  .text              ro code   0x800'2044     0x4  startup_stm32f103xe.o [1]
  .text              ro code   0x800'2048     0x4  startup_stm32f103xe.o [1]
  .text              ro code   0x800'204c     0x4  startup_stm32f103xe.o [1]
  .text              ro code   0x800'2050     0x4  startup_stm32f103xe.o [1]
  .text              ro code   0x800'2054     0x4  startup_stm32f103xe.o [1]
  .text              ro code   0x800'2058     0x4  startup_stm32f103xe.o [1]
  .text              ro code   0x800'205c     0x4  startup_stm32f103xe.o [1]
  .text              ro code   0x800'2060     0x4  startup_stm32f103xe.o [1]
  .text              ro code   0x800'2064     0x4  startup_stm32f103xe.o [1]
  .text              ro code   0x800'2068     0x4  startup_stm32f103xe.o [1]
  .text              ro code   0x800'206c     0x4  startup_stm32f103xe.o [1]
  .text              ro code   0x800'2070     0x4  startup_stm32f103xe.o [1]
  .text              ro code   0x800'2074     0x4  startup_stm32f103xe.o [1]
  .text              ro code   0x800'2078     0x4  startup_stm32f103xe.o [1]
  .text              ro code   0x800'207c     0x4  startup_stm32f103xe.o [1]
  .text              ro code   0x800'2080     0x4  startup_stm32f103xe.o [1]
  .text              ro code   0x800'2084     0x4  startup_stm32f103xe.o [1]
  .text              ro code   0x800'2088     0x4  startup_stm32f103xe.o [1]
  .text              ro code   0x800'208c     0x4  startup_stm32f103xe.o [1]
  .text              ro code   0x800'2090     0x4  startup_stm32f103xe.o [1]
  .text              ro code   0x800'2094     0x4  startup_stm32f103xe.o [1]
  .text              ro code   0x800'2098     0x4  startup_stm32f103xe.o [1]
  .text              ro code   0x800'209c     0x4  startup_stm32f103xe.o [1]
  .text              ro code   0x800'20a0     0x4  startup_stm32f103xe.o [1]
  .text              ro code   0x800'20a4     0x4  startup_stm32f103xe.o [1]
  .text              ro code   0x800'20a8     0x4  startup_stm32f103xe.o [1]
  .text              ro code   0x800'20ac     0x4  startup_stm32f103xe.o [1]
  .text              ro code   0x800'20b0     0x4  startup_stm32f103xe.o [1]
  .text              ro code   0x800'20b4     0x4  startup_stm32f103xe.o [1]
  .text              ro code   0x800'20b8     0x4  startup_stm32f103xe.o [1]
  .text              ro code   0x800'20bc     0x4  startup_stm32f103xe.o [1]
  .text              ro code   0x800'20c0     0x4  startup_stm32f103xe.o [1]
  .text              ro code   0x800'20c4     0x4  startup_stm32f103xe.o [1]
  .text              ro code   0x800'20c8     0x4  startup_stm32f103xe.o [1]
  .text              ro code   0x800'20cc     0x4  startup_stm32f103xe.o [1]
  .text              ro code   0x800'20d0     0x4  startup_stm32f103xe.o [1]
  .text              ro code   0x800'20d4     0x4  startup_stm32f103xe.o [1]
  .text              ro code   0x800'20d8     0x4  startup_stm32f103xe.o [1]
  .text              ro code   0x800'20dc     0x4  startup_stm32f103xe.o [1]
  .text              ro code   0x800'20e0     0x4  startup_stm32f103xe.o [1]
  .text              ro code   0x800'20e4     0x4  startup_stm32f103xe.o [1]
  .text              ro code   0x800'20e8     0x4  startup_stm32f103xe.o [1]
  .text              ro code   0x800'20ec     0x4  startup_stm32f103xe.o [1]
  .text              ro code   0x800'20f0     0x4  startup_stm32f103xe.o [1]
  .text              ro code   0x800'20f4     0x4  startup_stm32f103xe.o [1]
  .text              ro code   0x800'20f8     0x4  startup_stm32f103xe.o [1]
  .rodata            const     0x800'20fc     0x0  zero_init3.o [3]
  .rodata            const     0x800'20fc     0x0  copy_init3.o [3]
                             - 0x800'20fc  0x1fcc

"P2", part 1 of 3:                           0x10
  P2-1                        0x2000'0000    0x10  <Init block>
    .data            inited   0x2000'0000     0xc  stm32f1xx_hal.o [1]
    .data            inited   0x2000'000c     0x4  system_stm32f1xx.o [1]
                            - 0x2000'0010    0x10

"P2", part 2 of 3:                          0x248
  .bss               zero     0x2000'0010   0x16c  main.o [1]
  .bss               zero     0x2000'017c    0x48  main.o [1]
  .bss               zero     0x2000'01c4    0x48  main.o [1]
  .bss               zero     0x2000'020c    0x48  stm32f1xx_hal_timebase_tim.o [1]
  .bss               zero     0x2000'0254     0x4  main.o [1]
                            - 0x2000'0258   0x248

"P2", part 3 of 3:                          0x400
  CSTACK                      0x2000'0258   0x400  <Block>
    CSTACK           uninit   0x2000'0258   0x400  <Block tail>
                            - 0x2000'0658   0x400

Unused ranges:

         From           To      Size
         ----           --      ----
   0x800'20fc   0x807'ffff  0x7'df04
  0x2000'0658  0x2000'ffff    0xf9a8


*******************************************************************************
*** INIT TABLE
***

          Address      Size
          -------      ----
Zero (__iar_zero_init3)
    1 destination range, total size 0x248:
          0x2000'0010  0x248

Copy (__iar_copy_init3)
    1 source range, total size 0x10:
           0x800'2000   0x10
    1 destination range, total size 0x10:
          0x2000'0000   0x10



*******************************************************************************
*** MODULE SUMMARY
***

    Module                        ro code  ro data  rw data
    ------                        -------  -------  -------
command line/config:
    -------------------------------------------------------
    Total:

C:\Users\SC Team\Desktop\00.Local FW\01.MiniGimbal\Gimbal_mini\EWARM\Gimbal_mini\Obj: [1]
    main.o                            754               512
    main_function.o                   144
    startup_stm32f103xe.o             536
    stm32f1xx_hal.o                    64       12       12
    stm32f1xx_hal_adc.o               632
    stm32f1xx_hal_cortex.o            152
    stm32f1xx_hal_dma.o               348
    stm32f1xx_hal_gpio.o              472
    stm32f1xx_hal_i2c.o               336
    stm32f1xx_hal_msp.o               772
    stm32f1xx_hal_rcc.o             1 290
    stm32f1xx_hal_rcc_ex.o            232
    stm32f1xx_hal_tim.o               682
    stm32f1xx_hal_tim_ex.o              4
    stm32f1xx_hal_timebase_tim.o      152                72
    stm32f1xx_hal_uart.o            1 422
    stm32f1xx_it.o                     80
    system_stm32f1xx.o                 20       12        4
    -------------------------------------------------------
    Total:                          8 092       24      600

dl7M_tlf.a: [2]
    exit.o                              4
    low_level_init.o                    4
    -------------------------------------------------------
    Total:                              8

rt7M_tl.a: [3]
    ABImemclr4.o                        6
    ABImemset48.o                      50
    cexit.o                            10
    cmain.o                            30
    copy_init3.o                       44
    cstartup_M.o                       12
    data_init.o                        40
    zero_init3.o                       58
    -------------------------------------------------------
    Total:                            250

shb_l.a: [4]
    exit.o                             20
    -------------------------------------------------------
    Total:                             20

    Gaps                               14
    Linker created                              36    1 024
-----------------------------------------------------------
    Grand Total:                    8 384       60    1 624


*******************************************************************************
*** ENTRY LIST
***

Entry                       Address   Size  Type      Object
-----                       -------   ----  ----      ------
.iar.init_table$$Base    0x800'1f70          --   Gb  - Linker created -
.iar.init_table$$Limit   0x800'1f94          --   Gb  - Linker created -
?main                    0x800'1f95         Code  Gb  cmain.o [3]
ADC_ConversionStop_Disable
                         0x800'181d   0x48  Code  Gb  stm32f1xx_hal_adc.o [1]
AHBPrescTable            0x800'1fe0   0x10  Data  Gb  system_stm32f1xx.o [1]
APBPrescTable            0x800'201c    0x8  Data  Gb  system_stm32f1xx.o [1]
BusFault_Handler         0x800'1ed3    0x2  Code  Gb  stm32f1xx_it.o [1]
CSTACK$$Base            0x2000'0258          --   Gb  - Linker created -
CSTACK$$Limit           0x2000'0658          --   Gb  - Linker created -
DebugMon_Handler         0x800'1ed9    0x2  Code  Gb  stm32f1xx_it.o [1]
Error_Handler            0x800'0e47    0x4  Code  Gb  main.o [1]
HAL_ADC_ConfigChannel    0x800'1705   0xe4  Code  Gb  stm32f1xx_hal_adc.o [1]
HAL_ADC_Init             0x800'15f5  0x110  Code  Gb  stm32f1xx_hal_adc.o [1]
HAL_ADC_MspInit          0x800'06f7   0x48  Code  Gb  stm32f1xx_hal_msp.o [1]
HAL_DMA_Abort            0x800'09bd   0x4a  Code  Gb  stm32f1xx_hal_dma.o [1]
HAL_DMA_Abort_IT         0x800'0a07   0xdc  Code  Gb  stm32f1xx_hal_dma.o [1]
HAL_GPIO_Init            0x800'1359  0x194  Code  Gb  stm32f1xx_hal_gpio.o [1]
HAL_GPIO_WritePin        0x800'14ed    0x8  Code  Gb  stm32f1xx_hal_gpio.o [1]
HAL_GetTick              0x800'1b45    0xc  Code  Wk  stm32f1xx_hal.o [1]
HAL_I2C_Init             0x800'186d  0x12c  Code  Gb  stm32f1xx_hal_i2c.o [1]
HAL_I2C_MspInit          0x800'073f   0x4e  Code  Gb  stm32f1xx_hal_msp.o [1]
HAL_IncTick              0x800'1b35   0x10  Code  Wk  stm32f1xx_hal.o [1]
HAL_Init                 0x800'15d1   0x20  Code  Gb  stm32f1xx_hal.o [1]
HAL_InitTick             0x800'1b51   0x88  Code  Gb  stm32f1xx_hal_timebase_tim.o [1]
HAL_MspInit              0x800'06b9   0x3e  Code  Gb  stm32f1xx_hal_msp.o [1]
HAL_NVIC_EnableIRQ       0x800'15a7   0x16  Code  Gb  stm32f1xx_hal_cortex.o [1]
HAL_NVIC_SetPriority     0x800'156d   0x3a  Code  Gb  stm32f1xx_hal_cortex.o [1]
HAL_NVIC_SetPriorityGrouping
                         0x800'1553   0x1a  Code  Gb  stm32f1xx_hal_cortex.o [1]
HAL_RCCEx_PeriphCLKConfig
                         0x800'19bd   0xda  Code  Gb  stm32f1xx_hal_rcc_ex.o [1]
HAL_RCC_ClockConfig      0x800'116d   0xf4  Code  Gb  stm32f1xx_hal_rcc.o [1]
HAL_RCC_GetClockConfig   0x800'12db   0x36  Code  Gb  stm32f1xx_hal_rcc.o [1]
HAL_RCC_GetPCLK1Freq     0x800'12b7   0x10  Code  Gb  stm32f1xx_hal_rcc.o [1]
HAL_RCC_GetPCLK2Freq     0x800'12c7    0xe  Code  Gb  stm32f1xx_hal_rcc.o [1]
HAL_RCC_GetSysClockFreq
                         0x800'1275   0x42  Code  Gb  stm32f1xx_hal_rcc.o [1]
HAL_RCC_GetSysClockFreq::aPLLMULFactorTable
                         0x800'1344   0x10  Data  Lc  stm32f1xx_hal_rcc.o [1]
HAL_RCC_GetSysClockFreq::aPredivFactorTable
                         0x800'1354    0x2  Data  Lc  stm32f1xx_hal_rcc.o [1]
HAL_RCC_OscConfig        0x800'0e4d  0x318  Code  Gb  stm32f1xx_hal_rcc.o [1]
HAL_TIMEx_BreakCallback
                         0x800'1ec3    0x2  Code  Wk  stm32f1xx_hal_tim_ex.o [1]
HAL_TIMEx_CommutCallback
                         0x800'1ec7    0x2  Code  Wk  stm32f1xx_hal_tim_ex.o [1]
HAL_TIM_Base_Init        0x800'1c1d   0x1a  Code  Gb  stm32f1xx_hal_tim.o [1]
HAL_TIM_Base_Start_IT    0x800'1c37   0x6c  Code  Gb  stm32f1xx_hal_tim.o [1]
HAL_TIM_IRQHandler       0x800'1ce5  0x142  Code  Gb  stm32f1xx_hal_tim.o [1]
HAL_TIM_PeriodElapsedCallback
                         0x800'0e39    0xe  Code  Gb  main.o [1]
HAL_UART_IRQHandler      0x800'023f  0x25e  Code  Gb  stm32f1xx_hal_uart.o [1]
HAL_UART_Init            0x800'0131   0x1e  Code  Gb  stm32f1xx_hal_uart.o [1]
HAL_UART_MspInit         0x800'0797  0x1a6  Code  Gb  stm32f1xx_hal_msp.o [1]
HAL_UART_Receive_IT      0x800'01dd   0x26  Code  Gb  stm32f1xx_hal_uart.o [1]
HAL_UART_RxCpltCallback
                         0x800'0ddb   0x22  Code  Gb  main.o [1]
HAL_UART_Transmit_IT     0x800'01ab   0x32  Code  Gb  stm32f1xx_hal_uart.o [1]
HardFault_Handler        0x800'1ecf    0x2  Code  Gb  stm32f1xx_it.o [1]
MemManage_Handler        0x800'1ed1    0x2  Code  Gb  stm32f1xx_it.o [1]
NMI_Handler              0x800'1ecd    0x2  Code  Gb  stm32f1xx_it.o [1]
PendSV_Handler           0x800'1edb    0x2  Code  Gb  stm32f1xx_it.o [1]
Region$$Table$$Base      0x800'1f70          --   Gb  - Linker created -
Region$$Table$$Limit     0x800'1f94          --   Gb  - Linker created -
SVC_Handler              0x800'1ed7    0x2  Code  Gb  stm32f1xx_it.o [1]
SysTick_Handler          0x800'1edd    0x2  Code  Gb  stm32f1xx_it.o [1]
SystemClock_Config       0x800'0d59   0x82  Code  Gb  main.o [1]
SystemCoreClock         0x2000'000c    0x4  Data  Gb  system_stm32f1xx.o [1]
SystemInit               0x800'1fdd    0x2  Code  Gb  system_stm32f1xx.o [1]
TIM2_IRQHandler          0x800'1edf    0x6  Code  Gb  stm32f1xx_it.o [1]
TIM_Base_SetConfig       0x800'1e35   0x74  Code  Gb  stm32f1xx_hal_tim.o [1]
UART4_IRQHandler         0x800'1ef7    0x6  Code  Gb  stm32f1xx_it.o [1]
UART5_IRQHandler         0x800'1efd    0x6  Code  Gb  stm32f1xx_it.o [1]
UART_DMAAbortOnError     0x800'0575    0xc  Code  Lc  stm32f1xx_hal_uart.o [1]
UART_EndRxTransfer       0x800'0511   0x60  Code  Lc  stm32f1xx_hal_uart.o [1]
UART_Receive_IT          0x800'0581   0xb8  Code  Lc  stm32f1xx_hal_uart.o [1]
UART_SetConfig           0x800'0639   0x74  Code  Lc  stm32f1xx_hal_uart.o [1]
UART_Start_Receive_IT    0x800'04db   0x30  Code  Gb  stm32f1xx_hal_uart.o [1]
USART1_IRQHandler        0x800'1ee5    0x6  Code  Gb  stm32f1xx_it.o [1]
USART2_IRQHandler        0x800'1eeb    0x6  Code  Gb  stm32f1xx_it.o [1]
USART3_IRQHandler        0x800'1ef1    0x6  Code  Gb  stm32f1xx_it.o [1]
UsageFault_Handler       0x800'1ed5    0x2  Code  Gb  stm32f1xx_it.o [1]
__NVIC_SetPriority       0x800'1539   0x1a  Code  Lc  stm32f1xx_hal_cortex.o [1]
__aeabi_memclr4          0x800'1531         Code  Gb  ABImemclr4.o [3]
__cmain                  0x800'1f95         Code  Gb  cmain.o [3]
__exit                   0x800'1fc9   0x14  Code  Gb  exit.o [4]
__iar_Memset4_word       0x800'1be9         Code  Gb  ABImemset48.o [3]
__iar_Memset8_word       0x800'1be9         Code  Gb  ABImemset48.o [3]
__iar_copy_init3         0x800'1f1d   0x2c  Code  Gb  copy_init3.o [3]
__iar_data_init3         0x800'1f49   0x28  Code  Gb  data_init.o [3]
__iar_program_start      0x800'2011         Code  Gb  cstartup_M.o [3]
__iar_zero_init3         0x800'0b1f   0x3a  Code  Gb  zero_init3.o [3]
__low_level_init         0x800'1fb3    0x4  Code  Gb  low_level_init.o [2]
__vector_table           0x800'0000         Data  Gb  startup_stm32f103xe.o [1]
_call_main               0x800'1fa1         Code  Gb  cmain.o [3]
_exit                    0x800'1fbd         Code  Gb  cexit.o [3]
_main                    0x800'1faf         Code  Gb  cmain.o [3]
check_byte_cmd           0x800'1aa5   0x90  Code  Gb  main_function.o [1]
exit                     0x800'1fb7    0x4  Code  Gb  exit.o [2]
hadc1                   0x2000'0010   0x30  Data  Gb  main.o [1]
hi2c1                   0x2000'0040   0x54  Data  Gb  main.o [1]
htim2                   0x2000'020c   0x48  Data  Gb  stm32f1xx_hal_timebase_tim.o [1]
huart1                  0x2000'00dc   0x48  Data  Gb  main.o [1]
huart2                  0x2000'01c4   0x48  Data  Gb  main.o [1]
huart3                  0x2000'0124   0x48  Data  Gb  main.o [1]
huart4                  0x2000'017c   0x48  Data  Gb  main.o [1]
huart5                  0x2000'0094   0x48  Data  Gb  main.o [1]
main                     0x800'0b59  0x1d4  Code  Gb  main.o [1]
receptionStart          0x2000'0254    0x4  Data  Gb  main.o [1]
uart2_rx_buffer         0x2000'0170    0xc  Data  Gb  main.o [1]
uart2_rx_index          0x2000'016c    0x4  Data  Gb  main.o [1]
uwTick                  0x2000'0004    0x4  Data  Gb  stm32f1xx_hal.o [1]
uwTickFreq              0x2000'0000    0x1  Data  Gb  stm32f1xx_hal.o [1]
uwTickPrio              0x2000'0008    0x4  Data  Gb  stm32f1xx_hal.o [1]


[1] = C:\Users\SC Team\Desktop\00.Local FW\01.MiniGimbal\Gimbal_mini\EWARM\Gimbal_mini\Obj
[2] = dl7M_tlf.a
[3] = rt7M_tl.a
[4] = shb_l.a

  8 384 bytes of readonly  code memory
     60 bytes of readonly  data memory
  1 624 bytes of readwrite data memory

Errors: none
Warnings: none
